login as: ubuntu
ubuntu@192.168.1.121's password:
Welcome to Ubuntu 14.04.1 LTS (GNU/Linux 3.14.22-ti-r31 armv7l)

 * Documentation:  https://help.ubuntu.com/
Last login: Sat Jan 10 21:56:02 2015 from super

ubuntu@arm:~$ lsblk
NAME         MAJ:MIN RM   SIZE RO TYPE MOUNTPOINT
mmcblk1boot0 179:16   0     1M  1 disk
mmcblk1boot1 179:24   0     1M  1 disk
mmcblk0      179:0    0  29.5G  0 disk
└─mmcblk0p1  179:1    0  29.5G  0 part
mmcblk1      179:8    0   1.8G  0 disk
├─mmcblk1p1  179:9    0    96M  0 part
└─mmcblk1p2  179:10   0   1.7G  0 part /

ubuntu@arm:~$ mount | column -t
/dev/mmcblk1p2  on  /                         type  ext4         (rw,noatime,errors=remount-ro)
proc            on  /proc                     type  proc         (rw,noexec,nosuid,nodev)
none            on  /proc/sys/fs/binfmt_misc  type  binfmt_misc  (rw,noexec,nosuid,nodev)
sysfs           on  /sys                      type  sysfs        (rw,noexec,nosuid,nodev)
none            on  /sys/fs/cgroup            type  tmpfs        (rw)
none            on  /sys/fs/fuse/connections  type  fusectl      (rw)
debugfs         on  /sys/kernel/debug         type  debugfs      (rw)
none            on  /sys/kernel/security      type  securityfs   (rw)
udev            on  /dev                      type  devtmpfs     (rw,mode=0755)
devpts          on  /dev/pts                  type  devpts       (rw,noexec,nosuid,gid=5,mode=0620)
tmpfs           on  /run                      type  tmpfs        (rw,noexec,nosuid,size=10%,mode=0755)
none            on  /run/lock                 type  tmpfs        (rw,noexec,nosuid,nodev,size=5242880)
none            on  /run/shm                  type  tmpfs        (rw,nosuid,nodev)
none            on  /run/user                 type  tmpfs        (rw,noexec,nosuid,nodev,size=104857600,mode=0755)

ubuntu@arm:~$ df
Filesystem     1K-blocks   Used Available Use% Mounted on
/dev/mmcblk1p2   1715936 650040    960680  41% /
none                   4      0         4   0% /sys/fs/cgroup
udev              235832      4    235828   1% /dev
tmpfs              49908    244     49664   1% /run
none                5120      0      5120   0% /run/lock
none              249528      0    249528   0% /run/shm
none              102400      0    102400   0% /run/user

ubuntu@arm:~$ free -m
             total       used       free     shared    buffers     cached
Mem:           487        187        299          0          5        138
-/+ buffers/cache:         43        443
Swap:            0          0          0

ubuntu@arm:~$ cd /dev
ubuntu@arm:/dev$ ls
alarm            loop0               ram1    tty1   tty33  tty57     usbmon2
ashmem           loop1               ram10   tty10  tty34  tty58     vcs
autofs           loop2               ram11   tty11  tty35  tty59     vcs1
binder           loop3               ram12   tty12  tty36  tty6      vcs2
block            loop4               ram13   tty13  tty37  tty60     vcs3
btrfs-control    loop5               ram14   tty14  tty38  tty61     vcs4
bus              loop6               ram15   tty15  tty39  tty62     vcs5
char             loop7               ram2    tty16  tty4   tty63     vcs6
console          loop-control        ram3    tty17  tty40  tty7      vcs7
core             mapper              ram4    tty18  tty41  tty8      vcsa
cpu_dma_latency  mem                 ram5    tty19  tty42  tty9      vcsa1
cuse             mmcblk0             ram6    tty2   tty43  ttyGS0    vcsa2
disk             mmcblk0p1           ram7    tty20  tty44  ttyO0     vcsa3
dri              mmcblk1             ram8    tty21  tty45  ttyO1     vcsa4
fb0              mmcblk1boot0        ram9    tty22  tty46  ttyO2     vcsa5
fd               mmcblk1boot1        random  tty23  tty47  ttyO4     vcsa6
full             mmcblk1p1           rfkill  tty24  tty48  ttyO5     vcsa7
fuse             mmcblk1p2           rtc     tty25  tty49  ttyS0     watchdog
hci_tty          network_latency     rtc0    tty26  tty5   ttyS1     watchdog0
hwrng            network_throughput  shm     tty27  tty50  ttyS2     zero
i2c-0            null                snd     tty28  tty51  ttyS3
i2c-2            psaux               stderr  tty29  tty52  ubi_ctrl
input            ptmx                stdin   tty3   tty53  uhid
kmem             ptp0                stdout  tty30  tty54  urandom
kmsg             pts                 tty     tty31  tty55  usbmon0
log              ram0                tty0    tty32  tty56  usbmon1

ubuntu@arm:/dev$
